------------------------------------------------------------
Timing Analyzer Summary
------------------------------------------------------------

Type  : Slow 1100mV 85C Model Setup 'HanhNhi_Clock'
Slack : -0.357
TNS   : -0.357

Type  : Slow 1100mV 85C Model Hold 'HanhNhi_Clock'
Slack : 0.538
TNS   : 0.000

Type  : Slow 1100mV 85C Model Minimum Pulse Width 'HanhNhi_Clock'
Slack : -0.724
TNS   : -2.217

Type  : Slow 1100mV 0C Model Setup 'HanhNhi_Clock'
Slack : -0.449
TNS   : -0.449

Type  : Slow 1100mV 0C Model Hold 'HanhNhi_Clock'
Slack : 0.516
TNS   : 0.000

Type  : Slow 1100mV 0C Model Minimum Pulse Width 'HanhNhi_Clock'
Slack : -0.724
TNS   : -2.222

Type  : Fast 1100mV 85C Model Setup 'HanhNhi_Clock'
Slack : 0.432
TNS   : 0.000

Type  : Fast 1100mV 85C Model Hold 'HanhNhi_Clock'
Slack : 0.182
TNS   : 0.000

Type  : Fast 1100mV 85C Model Minimum Pulse Width 'HanhNhi_Clock'
Slack : -0.085
TNS   : -0.169

Type  : Fast 1100mV 0C Model Setup 'HanhNhi_Clock'
Slack : 0.470
TNS   : 0.000

Type  : Fast 1100mV 0C Model Hold 'HanhNhi_Clock'
Slack : 0.171
TNS   : 0.000

Type  : Fast 1100mV 0C Model Minimum Pulse Width 'HanhNhi_Clock'
Slack : -0.085
TNS   : -0.168

------------------------------------------------------------
